Processing esp32doit-devkit-v1 (platform: espressif32; board: esp32doit-devkit-v1; framework: arduino)
--------------------------------------------------------------------------------
Verbose mode can be enabled via `-v, --verbose` option
CONFIGURATION: https://docs.platformio.org/page/boards/espressif32/esp32doit-devkit-v1.html
PLATFORM: Espressif 32 (6.12.0) > DOIT ESP32 DEVKIT V1
HARDWARE: ESP32 240MHz, 320KB RAM, 4MB Flash
DEBUG: Current (cmsis-dap) External (cmsis-dap, esp-bridge, esp-prog, iot-bus-jtag, jlink, minimodule, olimex-arm-usb-ocd, olimex-arm-usb-ocd-h, olimex-arm-usb-tiny-h, olimex-jtag-tiny, tumpa)
PACKAGES: 
 - framework-arduinoespressif32 @ 3.20017.241212+sha.dcc1105b 
 - tool-esptoolpy @ 2.40900.250804 (4.9.0) 
 - toolchain-xtensa-esp32 @ 8.4.0+2021r2-patch5
LDF: Library Dependency Finder -> https://bit.ly/configure-pio-ldf
LDF Modes: Finder ~ chain, Compatibility ~ soft
Found 34 compatible libraries
Scanning dependencies...
Dependency Graph
|-- rplidar-sdk-arduino @ 2.0.0
Building in release mode
Compiling .pio\build\esp32doit-devkit-v1\src\main.cpp.o
Compiling .pio\build\esp32doit-devkit-v1\lib74a\rplidar_sdk_arduino-master\rplidar_driver.cpp.o
Compiling .pio\build\esp32doit-devkit-v1\lib74a\rplidar_sdk_arduino-master\sl_lidar_driver.cpp.o
Compiling .pio\build\esp32doit-devkit-v1\FrameworkArduino\esp32-hal-cpu.c.o
Compiling .pio\build\esp32doit-devkit-v1\FrameworkArduino\esp32-hal-dac.c.o
Compiling .pio\build\esp32doit-devkit-v1\FrameworkArduino\esp32-hal-gpio.c.o
Compiling .pio\build\esp32doit-devkit-v1\FrameworkArduino\esp32-hal-i2c-slave.c.o
Compiling .pio\build\esp32doit-devkit-v1\FrameworkArduino\esp32-hal-i2c.c.o
python : In file included from src/main.cpp:2:
At line:1 char:67
+ ...  testing" ; python -m platformio run -e esp32doit-devkit-v1 2>&1 | te ...
+                 ~~~~~~~~~~~~~~~~~~~~~~~~~~~~~~~~~~~~~~~~~~~~~~~~~~~~
    + CategoryInfo          : NotSpecified: (In file included from src/main.cp 
   p:2::String) [], RemoteException
    + FullyQualifiedErrorId : NativeCommandError
 
lib/rplidar_sdk_arduino-master/include/rplidar_driver.h:103:46: error: '_u32' 
has not been declared
     u_result connect(HardwareSerial* serial, _u32 baudrate = 
RPLIDAR_SERIAL_BAUDRATE, _u32 bufferSize = RPLIDAR_SERIAL_SIZE_RX);
                                              ^~~~
lib/rplidar_sdk_arduino-master/include/rplidar_driver.h:103:87: error: '_u32' 
has not been declared
     u_result connect(HardwareSerial* serial, _u32 baudrate = 
RPLIDAR_SERIAL_BAUDRATE, _u32 bufferSize = RPLIDAR_SERIAL_SIZE_RX);
                                                                               
        ^~~~
In file included from src/main.cpp:2:
lib/rplidar_sdk_arduino-master/include/rplidar_driver.h:115:20: error: '_u32' 
has not been declared
     u_result reset(_u32 timeout = DEFAULT_TIMEOUT);
                    ^~~~
lib/rplidar_sdk_arduino-master/include/rplidar_driver.h:122:79: error: '_u32' 
has not been declared
     u_result getAllSupportedScanModes(std::vector<RplidarScanMode>& outModes, 
_u32 timeoutInMs = DEFAULT_TIMEOUT);
                                                                               
^~~~
lib/rplidar_sdk_arduino-master/include/rplidar_driver.h:125:33: error: '_u16' 
has not been declared
